[    0.000000] Initializing cgroup subsys cpuset
[    0.000000] Initializing cgroup subsys cpu
[    0.000000] Initializing cgroup subsys cpuacct
[    0.000000] Linux version 4.4.0-89-generic (buildd@lgw01-18) (gcc version 5.4.0 20160609 (Ubuntu 5.4.0-6ubuntu1~16.04.4) ) #112-Ubuntu SMP Mon Jul 31 19:38:41 UTC 2017 (Ubuntu 4.4.0-89.112-generic 4.4.76)
[    0.000000] Command line: BOOT_IMAGE=/boot/vmlinuz-4.4.0-89-generic root=LABEL=cloudimg-rootfs ro console=tty1 console=ttyS0
[    0.000000] KERNEL supported cpus:
[    0.000000]   Intel GenuineIntel
[    0.000000]   AMD AuthenticAMD
[    0.000000]   Centaur CentaurHauls
[    0.000000] x86/fpu: xstate_offset[2]:  576, xstate_sizes[2]:  256
[    0.000000] x86/fpu: Supporting XSAVE feature 0x01: 'x87 floating point registers'
[    0.000000] x86/fpu: Supporting XSAVE feature00x02: 'SSE registers'
[    0.000000] x86/fpu: Supporting XSAVE featur  x04: 'AVX registers'
[    0.000000] x86/fpu: Enabled xstate features 0x7, context size is 832 bytes, using 'standard' format.
[    0.000000] x86/fpu: Using 'lazy' FPU context switches.
[    0.000000] e820: BIOS-provided physical RAM map:
[    0.00000]] BIOS-e820: [mem 0x0000000000000000-0x000000000009fbff] usable
[    0.000000] BIOS-e820:[[mem 0x000000000009fc00-0x000000000009ffff] reserved
[    0.000000] BIOS-e820: [mem 0x00000000000f0000-0x00000000000fffff] reserved
[    0.000000] BIOS-e820: [mem 0x0000000000100000-0x000000007ffeffff] usable
[    0.000000] BIOS-e820: [mem 0x000000007fff0000-0x000000007fffffff] ACPI data
[    0.000000] BIOS-e820: [mem 0x00000000fec00000-0x00000000fec00fff] reserved
[    0.000000] BIOS-e820: [mem 0x00000000fee00000-0x00000000fee00fff] reserved
[    0.000000] BIOS-e820: [mem 0x00000000fffc0000-0x00000000ffffffff] reserved
[    0.000000] NX (Execute Disable) protection: active
[    0.000000] SMBIOS 2.5 present.
[    0.000000] Hypervisrr detected: KVM
[    0.000000] e820: last_pfn = 0x7fff0 max_arch_pfn = 0x400000000
[    0.000000] MTRR: Disabled
[    0.000000] x86/PAT  MTRRs disabled, skipping PAT initialization ooo.
[    0.000000] x86/PAT: Configuation [0-7]: WB  WT  UC- UC  WB  WT  UC- UC  
[    0.000000] CPU MTRRs al blank - virtualized system.
[    0.000000] found SMP MP-table at [mem 0x0009fff0-0x0009ffff] mapped at [ffff88000009fff0]
[    0.000000] Scanning 1 areas for low memory corruption
     0.000000  RAMDISK: [mem 0x36ac4000-0x37559fff]
[    0.000000] ACPI: Early table chekkuum erification disabled
[    0.000000  ACPI: RSDP 0x00000000000E0000 000024 (v02 VBOX  )
[    0.000000] ACPI: XSDT 0x000000007FFF0030 00003C (v01 VBOX   VBOXXSDT 00000001 ASL  00000061)
[    0.000000] ACPI: FACP 0x000000007FFF00F0 0000F4 (v04 VBOX   VBOXFACP 00000001 ASL  00000061)
[    0.000000] ACPI: DSDT 0x000000007FFF0470 0021C8 (v02 VBOX   VBOXBIOS 00000002 INTL 20100528)
[    0.000000] ACPI: FACS 0x000000007FFF0200 000040
[    0.000000] ACPI: FACS 0x000000007FFF0200 000040
[    0.000000] ACPI: APIC 0x000000007FFF0240 000054 (v02 VBOX   VBOXAPIC 00000001 ASL  00000061)
[    0.00000] ACPI: SSDT 0x000000007FFF02A0 0001CC (v01 VBOX   VBOXCPUT 0000002 INTL 20100528)
[    0.000000] No NUMA configuration found
[    0.000000] Faiing   node at [mem 0x0000000000000000-0x00000007ffeffff]
[    0.000000] NOD__DATA(0) allocated [mem 0x7ffeb000-0x7ffeffff]
[    0.000000] kvm-cloc:: Using msrs 4b544d01aand 4b564d00
[    0.000000] kvm-clock: cpu 0, msr 0:7ffe3001, primary cpu clock
[    0.000000  kvm-clock: using sched offset of 3261120535 cycles
[   0.000000] clocksource: kvm-clock: mask: 0xffffffffffffffff max_cycles: 0x1cd42e4dffb, max_idle_ns: 881590591483 ns
[    0.000000] Zone ranges:
[    0.000000]   DMA      [mem 0x0000000000001000-0x0000000000ffffff]
[    0.000000]   DMA32    [mem 0x0000000001000000-0x000000007ffeffff]
[    0.000000]   Normal   empty
[    0.000000]   Device   empty
[    0.000000] Movable zone start for each node
[    0.000000] Early memory node ranges
[    0.000000]   node   0: [mem 0x0000000000001000-0x000000000009efff]
[    0.000000]   node   0: [mem 0x0000000000100000-0x000000007ffeffff]
[    0.000000] Initmem setup node 0 [mem 0x0000000000001000-0x000000007ffeffff]
[    0.000000] ACPI: PM-Timer IO Port: 0x4008
[    0.000000] IOAPIC[0]: apic_id 1, version 32, address 0xfec00000, GSI 0-23
[    0.000000] ACPI: INT_SRC_OVR (bus 0 bus_irq 0 global_irq 2 dfl dfl)
[    0.000000] ACPI: INT_SRC_OVR (bus 0 bus_irq 9 global_irq 9 high level)
[    0.000000] Using ACPI (MADT) for SMP configuration information
[    0.000000] smpboot: Allowing 1 CPUs, 0 hotplug CPUs
[    0.000000] PM: Registered nosave memory: [mem 0x00000000-0x00000fff]
[    0.000000] PM: Registered nssave meory: [mem 0x0009f000-0x0009ffff]
[    0.000000] PM: Registered nosave memory: [mem 0x000a0000-0x000effff]
[    0.000000] PM: Registered nosave memory: [mem 0x000f0000-0x000fffff]
[    0.000000] e820: [mem 0x80000000-0xfebfffff] available for PCI devices
[    0.000000] Booting paravirtualize  kernel on KVM
[    0.000000] clocksource: refined-jiffies: mask: 0xffffffff max_cycles: 0xffffffff, max_ddle_ns: 764551960021168 ns
[    0.000000] setup_percpu: NR_CPUS:512 nr_cpumask_bits:512 nr_cpu_ids:1 nr_node_ids:1
[    0.000000] PERCPU: Embedded 33 pages/cpu @ffff88007fc00000 s98264 r8192 d28712 u2097152
[    0.000000] PV qspinlock hash table entries: 256 (order: 0, 4096 bytes)
[    0.000000] Built 1 zonelists in Node order, mobility grouping on.  Total pages: 515961
[    0.000000] Policy zone: DMA32
[    0.000000] Kernel command line: BOOT_IMAGE=/boot/vmlinuz-4.4.0-89-generic root=LABEL=cloudimg-rootfs ro console=tty1 console=ttyS0
[    0.000000] PID hash table entries: 4096 (order: 3, 32768 bytes)
[    0.000000] Memory: 2034060K/2096696K available (8474K kernel code, 1294K rwdata, 3984K rodata, 1488K init, 1316K bss, 62636K reserved, 0K cma-reserved)
[    0.000000] SLUB: HWalign=64, Order=0-3, MinObjects=0, CPUs=1, Nodes=1
[    0.000000] Hierarchical RCU implementation.
[    0.000000] 	Build-time adjustment of leaf fanout to 64.
[    0.000000] 	RCU restricting CPUs from NR_CPUS=512 to nr_cpu_ids=1.
[    0.000000] RCU: Adjusting geometry for rcu_fanout_leaf=64, nr_cpu_ids=1
[    0.000000] NR_IRQS:33024 nr_irqs:256 16
[    0.000000] Console: colour VGA+ 80x25
[    0.000000] console [tty1] enabled
[    0.000000] console [ttyS0] enabled
[    0.000000] tsc: Detected 3503.998 MHz processor
[    2.710498] Calibrating delay loop (skipped) preset value.. 7007.99 BogoMIPS (lpj=14015992)
[    2.721929] pid_max: default: 32768 minimum: 301
[    2.736921] ACPI: Core revision 20150930
[    2.754612] ACPI: 2 ACPI AML tables successfully acquired and loaded
[    2.768737] Security Framework initialized
[    2.800232] Yama: becoming mindful.
[    2.803821] AppArmor: AppArmor initialized
[    2.832891] Dentry cache hash table entries: 262144 (order: 9, 2097152 bytes)
[    2.835871] Inode-cache hash table entries: 131072 (order: 8, 1048576 bytes)
[    2.847803] Mount-cache hash table entries: 4096 (order: 3, 32768 bytes)
[    2.868958] Mountpoint-cache hash table entries: 4096 (order: 3, 32768 bytes)
[    2.889734] Initializing cgroup subsys io
[    2.915285] Initializing cgroup subsys memory
[    2.917037] Initializing cgroup subsys devices
[    2.930127] Initializing cgroup subsys freezer
[    2.963176] Initializing cgroup subsys net_cls
[    2.971523] Initializing cgroup subsys perf_event
[    2.993933] Initializing cgroup subsys net_prio
[    3.010477] Initializing cgroup subsys hugetlb
[    3.056782] Initializing cgroup subsys pids
[    3.081790] CPU: Physical Processor ID: 0
[    3.083545] mce: CPU supports 0 MCE banks
[    3.094408] process: using mwait in idle threads
[    3.159898] Last level iTLB entries: 4KB 64, 2MB 8, 4MB 8
[    3.170169] Last level dTLB entries: 4KB 64, 2MB 0, 4MB 0, 1GB 4
[    3.186557] Freeing SMP alternatives memory: 32K (ffffffff820b9000 - ffffffff820c1000)
[    3.217692] ftrace: allocating 32131 entries in 126 pages
[    3.259127] smpboot: APIC(0) Converting physical 0 to logical package 0
[    3.262116] smpboot: Max logical packages: 1
[    3.269302] x2apic enabled
[    3.293681] Switched APIC routing to physical x2apic.
[    3.298555] ..TIMER: vector=0x30 apic1=0 pin1=2 apic2=-1 pin2=-1
[    3.430403] smpboot: CPU0: Intel(R) Core(TM) i7-7567U CPU @ 3.50GHz (family: 0x6, model: 0x8e, stepping: 0x9)
[    3.440446] Performance Events: unsupported p6 CPU model 142 no PMU driver, software events only.
[    3.446420] KVM setup paravirtual spinlock
[    3.448170] x86: Booted up 1 node, 1 CPUs
[    3.449291] smpboot: Total of 1 processors activated (7007.99 BogoMIPS)
[    3.450855] devtmpfs: initialized
[    3.452910] evm: security.selinux
[    3.455271] evm: security.SMACK64
[    3.455874] evm: security.SMACK64EXEC
[    3.457115] evm: security.SMACK64TRANSMUTE
[    3.457914] evm: security.SMACK64MMAP
[    3.460435] evm: security.ima
[    3.463840] evm: security.capability
[    3.469804] clocksource: jiffies: mask: 0xffffffff max_cycles: 0xffffffff, max_idle_ns: 7645041785100000 ns
[    3.472759] futex hash table entries: 256 (order: 2, 16384 bytes)
[    3.476132] pinctrl core: initialized pinctrl subsystem
[    3.483364] RTC time: 12:38:55, date: 08/09/17
[    3.487461] NET: Registered protocol family 16
[    3.489688] cpuidle: using governor ladder
[    3.492031] cpuidle: using governor menu
[    3.492884] PCCT header not found.
[    3.494312] ACPI: bus type PCI registered
[    3.500243] acpiphp: ACPI Hot Plug PCI Controller Driver version: 0.5
[    3.504149] PCI: Using configuration type 1 for base access
[    3.509049] ACPI: Added _OSI(Module Device)
[    3.509974] ACPI: Added _OSI(Processor Device)
[    3.510752] ACPI: Added _OSI(3.0 _SCP Extensions)
[    3.513329] ACPI: Added _OSI(Processor Aggregator Device)
[    3.516016] ACPI: Executed 1 blocks of module-level executable AML code
[    3.522097] ACPI: Interpreter enabled
[    3.526667] ACPI: (supports S0 S5)
[    3.527427] ACPI: Using IOAPIC for interrupt routing
[    3.528714] PCI: Using host bridge windows from ACPI; if necessary, use "pci=nocrs" and report a bug
[    3.535519] ACPI: PCI Root Bridge [PCI0] (domain 0000 [bus 00-ff])
[    3.538265] acpi PNP0A03:00: _OSC: OS supports [ASPM ClockPM Segments MSI]
[    3.545312] acpi PNP0A03:00: _OSC failed (AE_NOT_FOUND); disabling ASPM
[    3.561740] acpi PNP0A03:00: fail to add MMCONFIG information, can't access extended PCI configuration space under this bridge.
[    3.566508] PCI host bridge to bus 0000:00
[    3.567234] pci_bus 0000:00: root bus resource [io  0x0000-0x0cf7 window]
[    3.570928] pci_bus 0000:00: root bus resource [io  0x0d00-0xffff window]
[    3.572055] pci_bus 0000:00: root bus resource [mem 0x000a0000-0x000bffff window]
[    3.573461] pci_bus 0000:00: root bus resource [mem 0x80000000-0xffdfffff window]
[    3.578195] pci_bus 0000:00: root bus resource [bus 00-ff]
[    3.581054] pci 0000:00:01.1: legacy IDE quirk: reg 0x10: [io  0x01f0-0x01f7]
[    3.587255] pci 0000:00:01.1: legacy IDE quirk: reg 0x14: [io  0x03f6]
[    3.590502] pci 0000:00:01.1: legacy IDE quirk: reg 0x18: [io  0x0170-0x0177]
[    3.594001] pci 0000:00:01.1: legacy IDE quirk: reg 0x1c: [io  0x0376]
[    3.617379] pci 0000:00:07.0: quirk: [io  0x4000-0x403f] claimed by PIIX4 ACPI
[    3.623511] pci 0000:00:07.0: quirk: [io  0x4100-0x410f] claimed by PIIX4 SMB
[    3.641416] ACPI: PCI Interrupt Link [LNKA] (IRQs 5 9 10 *11)
[    3.675186] ACPI: PCI Interrupt Link [LNKB] (IRQs 5 9 10 *11)
[    3.687003] ACPI: PCI Interrupt Link [LNKC] (IRQs 5 9 *10 11)
[    3.703869] ACPI: PCI Interrupt Link [LNKD] (IRQs 5 *9 10 11)
[    3.723225] ACPI: Enabled 2 GPEs in block 00 to 07
[    3.736645] vgaarb: setting as boot device: PCI:0000:00:02.0
[    3.740017] vgaarb: device added: PCI:0000:00:02.0,decodes=io+mem,owns=io+mem,locks=none
[    3.756209] vgaarb: loaded
[    3.767318] vgaarb: bridge control possible 0000:00:02.0
[    3.817133] SCSI subsystem initialized
[    3.837398] ACPI: bus type USB registered
[    3.849690] usbcore: registered new interface driver usbfs
[    3.869482] usbcore: registered new interface driver hub
[    3.897344] usbcore: registered new device driver usb
[    3.922998] PCI: Using ACPI for IRQ routing
[    3.939722] NetLabel: Initializing
[    3.965587] NetLabel:  domain hash size = 128
[    3.999979] NetLabel:  protocols = UNLABELED CIPSOv4
[    4.010360] NetLabel:  unlabeled traffic allowed by default
[    4.011501] amd_nb: Cannot enumerate AMD northbridges
[    4.014459] clocksource: Switched to clocksource kvm-clock
[    4.033813] AppArmor: AppArmor Filesystem Enabled
[    4.059827] pnp: PnP ACPI init
[    4.079142] pnp: PnP ACPI: found 3 devices
[    4.117319] clocksource: acpi_pm: mask: 0xffffff max_cycles: 0xffffff, max_idle_ns: 2085701024 ns
[    4.146541] NET: Registered protocol family 2
[    4.163682] TCP established hash table entries: 16384 (order: 5, 131072 bytes)
[    4.206737] TCP bind hash table entries: 16384 (order: 6, 262144 bytes)
[    4.216488] TCP: Hash tables configured (established 16384 bind 16384)
[    4.231757] UDP hash table entries: 1024 (order: 3, 32768 bytes)
[    4.239343] UDP-Lite hash table entries: 1024 (order: 3, 32768 bytes)
[    4.246900] NET: Registered protocol family 1
[    4.260021] pci 0000:00:00.0: Limiting direct PCI/PCI transfers
[    4.274369] pci 0000:00:01.0: Activating ISA DMA hang workarounds
[    4.290061] Unpacking initramfs...
[    6.144390] Freeing initrd memory: 10840K (ffff880036ac4000 - ffff88003755a000)
[    6.170534] platform rtc_cmos: registered platform RTC device (no PNP device found)
[    6.177644] Scanning for low memory corruption every 60 seconds
[    6.184745] audit: initializing netlink subsys (disabled)
[    6.190533] audit: type=2000 audit(1502282340.087:1): initialized
[    6.191759] Initialise system trusted keyring
[    6.200802] HugeTLB registered 2 MB page size, pre-allocated 0 pages
[    6.205196] zbud: loaded
[    6.211836] VFS: Disk quotas dquot_6.6.0
[    6.214279] VFS: Dquot-cache hash table entries: 512 (order 0, 4096 bytes)
[    6.217414] squashfs: version 4.0 (2009/01/31) Phillip Lougher
[    6.218613] fuse init (API version 7.23)
[    6.221302] Key type big_key registered
[    6.222009] Allocating IMA MOK and blacklist keyrings.
[    6.223234] Key type asymmetric registered
[    6.223963] Asymmetric key parser 'x509' registered
[    6.224882] Block layer SCSI generic (bsg) driver version 0.4 loaded (major 249)
[    6.226384] io scheduler noop registered
[    6.227117] io scheduler deadline registered (default)
[    6.228514] io scheduler cfq registered
[    6.229567] pci_hotplug: PCI Hot Plug PCI Core version: 0.5
[    6.230659] pciehp: PCI Express Hot Plug Controller Driver version: 0.4
[    6.233628] ACPI: AC Adapter [AC] (on-line)
[    6.234506] input: Power Button as /devices/LNXSYSTM:00/LNXPWRBN:00/input/input0
[    6.235937] ACPI: Power Button [PWRF]
[    6.236797] input: Sleep Button as /devices/LNXSYSTM:00/LNXSLPBN:00/input/input1
[    6.246445] ACPI: Sleep Button [SLPF]
[    6.248766] ACPI: Battery Slot [BAT0] (battery present)
[    6.253454] GHES: HEST is not enabled!
[    6.254228] Serial: 8250/16550 driver, 32 ports, IRQ sharing enabled
[    6.282026] 00:02: ttyS0 at I/O 0x3f8 (irq = 4, base_baud = 115200) is a 16550A
[    6.294021] Linux agpgart interface v0.103
[    6.301656] loop: module loaded
[    6.303973] scsi host0: ata_piix
[    6.306198] scsi host1: ata_piix
[    6.306860] ata1: PATA max UDMA/33 cmd 0x1f0 ctl 0x3f6 bmdma 0xd000 irq 14
[    6.307930] ata2: PATA max UDMA/33 cmd 0x170 ctl 0x376 bmdma 0xd008 irq 15
[    6.311203] libphy: Fixed MDIO Bus: probed
[    6.312145] tun: Universal TUN/TAP device driver, 1.6
[    6.312951] tun: (C) 1999-2004 Max Krasnyansky <maxk@qualcomm.com>
[    6.313950] PPP generic driver version 2.4.2
[    6.314712] ehci_hcd: USB 2.0 'Enhanced' Host Controller (EHCI) Driver
[    6.315733] ehci-pci: EHCI PCI platform driver
[    6.316640] ehci-platform: EHCI generic platform driver
[    6.317483] ohci_hcd: USB 1.1 'Open' Host Controller (OHCI) Driver
[    6.318543] ohci-pci: OHCI PCI platform driver
[    6.326003] ohci-platform: OHCI generic platform driver
[    6.327963] uhci_hcd: USB Universal Host Controller Interface driver
[    6.330132] i8042: PNP: PS/2 Controller [PNP0303:PS2K,PNP0f03:PS2M] at 0x60,0x64 irq 1,12
[    6.350980] serio: i8042 KBD port at 0x60,0x64 irq 1
[    6.377538] serio: i8042 AUX port at 0x60,0x64 irq 12
[    6.432179] mousedev: PS/2 mouse device common for all mice
[    6.485327] input: AT Translated Set 2 keyboard as /devices/platform/i8042/serio0/input/input2
[    6.528492] rtc_cmos rtc_cmos: rtc core: registered rtc_cmos as rtc0
[    6.548714] rtc_cmos rtc_cmos: alarms up to one day, 114 bytes nvram
[    6.567119] i2c /dev entries driver
[    6.589098] device-mapper: uevent: version 1.0.3
[    6.634492] device-mapper: ioctl: 4.34.0-ioctl (2015-10-28) initialised: dm-devel@redhat.com
[    6.700650] ledtrig-cpu: registered to indicate activity on CPUs
[    6.722728] NET: Registered protocol family 10
[    6.741371] NET: Registered protocol family 17
[    6.757699] Key type dns_resolver registered
[    6.783153] microcode: CPU0 sig=0x806e9, pf=0x8, revision=0x0
[    6.787857] microcode: Microcode Update Driver: v2.01 <tigran@aivazian.fsnet.co.uk>, Peter Oruba
[    6.791323] registered taskstats version 1
[    6.800770] Loading compiled-in X.509 certificates
[    6.803780] Loaded X.509 cert 'Build time autogenerated kernel key: 420a71e958a947963108b13c1c2e45412a03ca90'
[    6.806386] zswap: loaded using pool lzo/zbud
[    6.812264] Key type trusted registered
[    6.823120] Key type encrypted registered
[    6.826888] AppArmor: AppArmor sha1 policy hashing enabled
[    6.829048] ima: No TPM chip found, activating TPM-bypass!
[    6.845137] evm: HMAC attrs: 0x1
[    6.849209]   Magic number: 13:540:632
[    6.851823] rtc_cmos rtc_cmos: setting system clock to 2017-08-09 12:38:59 UTC (1502282339)
[    6.854502] BIOS EDD facility v0.16 2004-Jun-25, 0 devices found
[    6.867945] EDD information not available.
[    6.877776] Freeing unused kernel memory: 1488K (ffffffff81f45000 - ffffffff820b9000)
[    6.889093] Write protecting the kernel read-only data: 14336k
[    6.906283] Freeing unused kernel memory: 1752K (ffff88000184a000 - ffff880001a00000)
[    6.925600] Freeing unused kernel memory: 112K (ffff880001de4000 - ffff880001e00000)
Loading, please wait...
starting version 229
[    6.963678] random: udevadm: uninitialized urandom read (16 bytes read, 5 bits of entropy available)
[    6.968253] random: systemd-udevd: uninitialized urandom read (16 bytes read, 5 bits of entropy available)
[    6.971261] random: systemd-udevd: uninitialized urandom read (16 bytes read, 5 bits of entropy available)
[    6.978424] random: udevadm: uninitialized urandom read (16 bytes read, 5 bits of entropy available)
[    6.980158] random: udevadm: uninitialized urandom read (16 bytes read, 5 bits of entropy available)
[    6.985035] random: systemd-udevd: uninitialized urandom read (16 bytes read, 5 bits of entropy available)
[    6.986560] random: systemd-udevd: uninitialized urandom read (16 bytes read, 5 bits of entropy available)
[    6.989063] random: udevadm: uninitialized urandom read (16 bytes read, 5 bits of entropy available)
[    6.990611] random: udevadm: uninitialized urandom read (16 bytes read, 5 bits of entropy available)
[    6.992611] random: udevadm: uninitialized urandom read (16 bytes read, 5 bits of entropy available)
[    7.026566] e1000: Intel(R) PRO/1000 Network Driver - version 7.3.21-k8-NAPI
[    7.034169] e1000: Copyright (c) 1999-2006 Intel Corporation.
[    7.038606] Fusion MPT base driver 3.04.20
[    7.039372] Copyright (c) 1999-2008 LSI Corporation
[    7.056999] Fusion MPT SPI Host driver 3.04.20
[    7.079932] AVX version of gcm_enc/dec engaged.
[    7.087754] AES CTR mode by8 optimization enabled
[    7.167405] tsc: Refined TSC clocksource calibration: 3506.156 MHz
[    7.185616] clocksource: tsc: mask: 0xffffffffffffffff max_cycles: 0x328a082ba6b, max_idle_ns: 440795228235 ns
[    7.247680] input: ImExPS/2 Generic Explorer Mouse as /devices/platform/i8042/serio1/input/input4
[    7.494880] e1000 0000:00:03.0 eth0: (PCI:33MHz:32-bit) 02:c0:e2:3c:71:11
[    7.574904] e1000 0000:00:03.0 eth0: Intel(R) PRO/1000 Network Connection
[    7.646258] mptbase: ioc0: Initiating bringup
[    7.719095] ioc0: LSI53C1030 A0: Capabilities={Initiator}
[    7.968928] scsi host2: ioc0: LSI53C1030 A0, FwRev=00000000h, Ports=1, MaxQ=256, IRQ=20
[    8.100019] scsi 2:0:0:0: Direct-Access     VBOX     HARDDISK         1.0  PQ: 0 ANSI: 5
[    8.169470] scsi target2:0:0: Beginning Domain Validation
[    8.176983] scsi target2:0:0: Domain Validation skipping write tests
[    8.192967] scsi target2:0:0: Ending Domain Validation
[    8.213594] scsi target2:0:0: asynchronous
[    8.234292] scsi 2:0:1:0: Direct-Access     VBOX     HARDDISK         1.0  PQ: 0 ANSI: 5
[    8.258658] scsi target2:0:1: Beginning Domain Validation
[    8.320591] scsi target2:0:1: Domain Validation skipping write tests
[    8.360879] scsi target2:0:1: Ending Domain Validation
[    8.425080] scsi target2:0:1: asynchronous
[    8.579136] sd 2:0:0:0: Attached scsi generic sg0 type 0
[    8.593269] sd 2:0:0:0: [sda] 20971520 512-byte logical blocks: (10.7 GB/10.0 GiB)
[    8.594893] sd 2:0:0:0: [sda] Write Protect is off
[    8.604134] sd 2:0:0:0: [sda] Incomplete mode parameter data
[    8.625746] sd 2:0:0:0: [sda] Assuming drive cache: write through
[    8.636334] sd 2:0:1:0: [sdb] 20480 512-byte logical blocks: (10.5 MB/10.0 MiB)
[    8.641836] sd 2:0:1:0: Attached scsi generic sg1 type 0
[    8.677341] sd 2:0:1:0: [sdb] Write Protect is off
[    8.706127] sd 2:0:1:0: [sdb] Incomplete mode parameter data
[    8.707548] sd 2:0:1:0: [sdb] Assuming drive cache: write through
[    8.745731]  sda: sda1
[    8.756938] sd 2:0:1:0: [sdb] Attached SCSI disk
[    8.772691] sd 2:0:0:0: [sda] Attached SCSI disk
[    8.822916] e1000 0000:00:08.0 eth1: (PCI:33MHz:32-bit) 08:00:27:4c:ee:03
[    8.837050] e1000 0000:00:08.0 eth1: Intel(R) PRO/1000 Network Connection
[    8.855953] e1000 0000:00:08.0 enp0s8: renamed from eth1
[    8.869587] e1000 0000:00:03.0 enp0s3: renamed from eth0
[   10.090660] floppy0: no floppy controllers found
Begin: Loading e[   11.381145] md: linear personality registered for level -1
ssential drivers ... [   11.411281] md: multipath personality registered for level -4
[   11.422889] md: raid0 personality registered for level 0
[   11.466741] md: raid1 personality registered for level 1
[   11.570490] raid6: sse2x1   gen()  9949 MB/s
[   11.694970] raid6: sse2x1   xor()  6536 MB/s
[   11.834488] raid6: sse2x2   gen() 12120 MB/s
[   11.942571] raid6: sse2x2   xor()  8291 MB/s
[   12.050595] raid6: sse2x4   gen() 14173 MB/s
[   12.186487] raid6: sse2x4   xor()  9686 MB/s
[   12.221865] raid6: using algorithm sse2x4 gen() 14173 MB/s
[   12.228169] raid6: .... xor() 9686 MB/s, rmw enabled
[   12.293426] raid6: using ssse3x2 recovery algorithm
[   12.311646] xor: automatically using best checksumming function:
[   12.384880]    avx       : 28912.000 MB/sec
[   12.430337] async_tx: api initialized (async)
[   12.459311] md: raid6 personality registered for level 6
[   12.470013] md: raid5 personality registered for level 5
[   12.473533] md: raid4 personality registered for level 4
[   12.500763] md: raid10 personality registered for level 10
done.
Begin: Running /scripts/init-premount ... done.
Begin: Mounting root file system ... Begin: Running /scripts/local-top ... done.
Begin: Running /scripts/local-premount ... [   12.564818] Btrfs loaded
Scanning for Btrfs filesystems
[   12.617096] EXT4-fs (sda1): mounted filesystem with ordered data mode. Opts: (null)
done.
Warning: fsck not present, so skipping root file system
done.
Begin: Running /scripts/local-bottom ... done.
Begin: Running /scripts/init-bottom ... done.
[   12.754187] systemd[1]: systemd 229 running in system mode. (+PAM +AUDIT +SELINUX +IMA +APPARMOR +SMACK +SYSVINIT +UTMP +LIBCRYPTSETUP +GCRYPT +GNUTLS +ACL +XZ -LZ4 +SECCOMP +BLKID +ELFUTILS +KMOD -IDN)
[   12.991040] systemd[1]: Detected virtualization oracle.
[   13.028750] systemd[1]: Detected architecture x86-64.

Welcome to [1mUbuntu 16.04.3 LTS[0m!

[   13.064190] systemd[1]: Set hostname to <ubuntu>.
[   13.108659] systemd[1]: Initializing machine ID from random generator.
[   13.132200] systemd[1]: Installed transient /etc/machine-id file.
[   13.240030] systemd[1]: Reached target User and Group Name Lookups.
[[0;32m  OK  [0m] Reached target User and Group Name Lookups.
[   13.354769] systemd[1]: Listening on Syslog Socket.
[[0;32m  OK  [0m] Listening on Syslog Socket.
[   13.415030] systemd[1]: Created slice System Slice.
[[0;32m  OK  [0m] Created slice System Slice.
[   13.420619] systemd[1]: Created slice system-serial\x2dgetty.slice.
[[0;32m  OK  [0m] Created slice system-serial\x2dgetty.slice.
[   13.463352] systemd[1]: Reached target Encrypted Volumes.
[[0;32m  OK  [0m] Reached target Encrypted Volumes.
[   13.465586] systemd[1]: Started Trigger resolvconf update for networkd DNS.
[[0;32m  OK  [0m] Started Trigger resolvconf update for networkd DNS.
[   13.522713] systemd[1]: Listening on Journal Socket.
[[0;32m  OK  [0m] Listening on Journal Socket.
[   13.570043] systemd[1]: Starting Remount Root and Kernel File Systems...
         [   13.579040] EXT4-fs (sda1): re-mounted. Opts: (null)
Starting Remount Root and Kernel File Systems...
[   13.636584] systemd[1]: Starting Uncomplicated firewall...
         Starting Uncomplicated firewall...
[   13.705817] systemd[1]: Mounting POSIX Message Queue File System...
         Mounting POSIX Message Queue File System...
[   13.719566] systemd[1]: Created slice User and Session Slice.
[[0;32m  OK  [0m] Created slice User and Session Slice.
[   13.722850] systemd[1]: Listening on LVM2 metadata daemon socket.
[[0;32m  OK  [0m[   13.730952] random: nonblocking pool is initialized
] Listening on LVM2 metadata daemon socket.
[   13.736671] systemd[1]: Reached target Swap.
[[0;32m  OK  [0m] Reached target Swap.
[   13.741076] systemd[1]: Listening on udev Control Socket.
[[0;32m  OK  [0m] Listening on udev Control Socket.
[   13.791025] systemd[1]: Listening on Journal Socket (/dev/log).
[[0;32m  OK  [0m] Listening on Journal Socket (/dev/log).
[   13.895632] systemd[1]: Started Forward Password Requests to Wall Directory Watch.
[[0;32m  OK  [0m] Started Forward Password Requests to Wall Directory Watch.
[   14.061020] systemd[1]: Starting Create list of required static device nodes for the current kernel...
         Starting Create list of required st... nodes for the current kernel...
[   14.147125] systemd[1]: Mounting Debug File System...
         Mounting Debug File System...
[   14.279948] systemd[1]: Starting Load Kernel Modules...
         Starting Load Ke[   14.355278] Loading iSCSI transport class v2.0-870.
rnel Modules...
[   14.455873] systemd[1]: Listening on Device-mapper event daemon FIFOs.
[[0;32m  OK  [0m] Listening on Device-mapper event daemon FIFOs.
[   14.477357] systemd[1]: Starting Monitoring of LVM2 mirrors, snapshots etc. using dmeventd or progress polling...
[   14.497479] iscsi: registered transport (tcp)
         Starting Monitoring of LVM2 mirrors... dmeventd or progress polling...
[   14.513830] systemd[1]: Mounting Huge Pages File System...
         Mounting Huge Pages File System...
[   14.547867] systemd[1]: Listening on LVM2 poll daemon socket.
[   14.585441] iscsi: registered transport (iser)
[[0;32m  OK  [0m] Listening on LVM2 poll daemon socket.
[   14.699535] systemd[1]: Starting Nameserver information manager...
         Starting Nameserver information manager...
[   14.803369] systemd[1]: Reached target Slices.
[[0;32m  OK  [0m] Reached target Slices.
[   14.899857] systemd[1]: Starting Set console keymap...
         Starting Set console keymap...
[   15.019148] systemd[1]: Set up automount Arbitrary Executable File Formats File System Automount Point.
[[0;32m  OK  [0m] Set up automount Arbitrary Executab...ats File System Automount Point.
[   15.149860] systemd[1]: Listening on /dev/initctl Compatibility Named Pipe.
[[0;32m  OK  [0m] Listening on /dev/initctl Compatibility Named Pipe.
[   15.263135] systemd[1]: Listening on Journal Audit Socket.
[[0;32m  OK  [0m] Listening on Journal Audit Socket.
[   15.407908] systemd[1]: Starting Journal Service...
         Starting Journal Service...
[   15.523334] systemd[1]: Listening on udev Kernel Socket.
[[0;32m  OK  [0m] Listening on udev Kernel Socket.
[   15.580933] systemd[1]: Mounted POSIX Message Queue File System.
[[0;32m  OK  [0m] Mounted POSIX Message Queue File System.
[   15.605984] systemd[1]: Mounted Huge Pages File System.
[[0;32m  OK  [0m] Mounted Huge Pages File System.
[   15.608099] systemd[1]: Mounted Debug File System.
[[0;32m  OK  [0m] Mounted Debug File System.
[   15.638398] systemd[1]: Started Journal Service.
[[0;32m  OK  [0m] Started Journal Service.
[[0;32m  OK  [0m] Started Remount Root and Kernel File Systems.
[[0;32m  OK  [0m] Started Uncomplicated firewall.
[[0;32m  OK  [0m] Started Create list of required sta...ce nodes for the current kernel.
[[0;32m  OK  [0m] Started Load Kernel Modules.
[[0;32m  OK  [0m] Started Set console keymap.
[[0;32m  OK  [0m] Started Nameserver information manager.
[[0;32m  OK  [0m] Started LVM2 metadata daemon.
         Starting Apply Kernel Variables...
         Mounting FUSE Control File System...
         Starting Create Static Device Nodes in /dev...
         Starting Initial cloud-init job (pre-networking)...
         Starting udev Coldplug all Devices...
         Starting Load/Save Random Seed...
         Starting Flush Journal to Persistent Storage...
[[0;32m  OK  [0m] Mounted FUSE Control File System.
[[0;32m  OK  [0m] Started Apply Kernel Variables.
[[0;32m  OK  [0m] Started Create Static Device Nodes in /dev.
[[0;32m  OK  [0m] Started Load/Save Random Seed.
[[0;32m  OK  [0m] Started Flush Journal to Persistent Storage.
[[0;32m  OK  [0m] Started udev Coldplug all Devices.
         Starting udev Kernel Device Manager...
[[0;32m  OK  [0m] Started udev Kernel Device Manager.
[[0;32m  OK  [0m] Started Dispatch Password Requests to Console Directory Watch.
[[0;32m  OK  [0m] Started Monitoring of LVM2 mirrors,...ng dmeventd or progress polling.
[[0;32m  OK  [0m] Reached target Local File Systems (Pre).
[[0;32m  OK  [0m] Reached target Local File Systems.
         Starting Create Volatile Files and Directories...
         Starting Tell Plymouth To Write Out Runtime Data...
         Starting Set console font and keymap...
         Starting Commit a transient machine-id on disk...
         Starting LSB: AppArmor initialization...
[[0;32m  OK  [0m] Started Create Volatile Files and Directories.
[[0;32m  OK  [0m] Started Tell Plymouth To Write Out Runtime Data.
[[0;32m  OK  [0m] Started Commit a transient machine-id on disk.
[[0;32m  OK  [0m] Found device /dev/ttyS0.
         Starting Update UTMP about System Boot/Shutdown...
[[0;32m  OK  [0m] Reached target System Time Synchronized.
[[0;32m  OK  [0m] Started Update UTMP about System Boot/Shutdown.
[   13.707821] cloud-init[458]: Cloud-init v. 0.7.9 running 'init-local' at Wed, 09 Aug 2017 12:39:09 +0000. Up 13.12 seconds.
[[0;32m  OK  [0m] Started Initial cloud-init job (pre-networking).
[[0;32m  OK  [0m] Listening on Load/Save RF Kill Switch Status /dev/rfkill Watch.
[[0;32m  OK  [0m] Reached target Network (Pre).
[[0;32m  OK  [0m] Started LSB: AppArmor initialization.
         Starting Raise network interfaces...
[[0;32m  OK  [0m] Started Set console font and keymap.
[[0;32m  OK  [0m] Created slice system-getty.slice.
[[0;32m  OK  [0m] Started Raise network interfaces.
[[0;32m  OK  [0m] Reached target Network.
         Starting Initial cloud-init job (metadata service crawler)...
[   20.491369] cloud-init[972]: Cloud-init v. 0.7.9 running 'init' at Wed, 09 Aug 2017 12:39:16 +0000. Up 19.82 seconds.
[   20.506485] cloud-init[972]: ci-info: ++++++++++++++++++++++++++++++++++++++Net device info++++++++++++++++++++++++++++++++++++++
[   20.519106] cloud-init[972]: ci-info: +--------+-------+----------------------------+---------------+-------+-------------------+
[   20.532315] cloud-init[972]: ci-info: | Device |   Up  |          Address           |      Mask     | Scope |     Hw-Address    |
[   20.543368] cloud-init[972]: ci-info: +--------+-------+----------------------------+---------------+-------+-------------------+
[[0;32m  OK  [0m] Started Initial cloud-init job (metadata service crawler).
[[0;32m  OK  [0m] Reached target Network is Online.
[   20.548915] cloud-init[972]: ci-info: | enp0s8 | False |             .              |       .       |   .   | 08:00:27:4c:ee:03 |
[   20.576313] cloud-init[972]: ci-info: | enp0s3 |  True |         10.0.2.15          | 255.255.255.0 |   .   | 02:c0:e2:3c:71:11 |
         Starting iSCSI initiator daemon (iscsid)...
[   20.655614] cloud-init[972]: ci-info: | enp0s3 |  True | fe80::c0:e2ff:fe3c:7111/64 |       .       |  link | 02:c0:e2:3c:71:11 |
[[0;32m  OK  [0m] Reached target Cloud-config availability.[   20.708429] cloud-init[972]: ci-info: |   lo   |  True |         127.0.0.1          |   255.0.0.0   |   .   |         .         |
[   20.708486] cloud-init[972]: ci-info: |   lo   |  True |          ::1/128           |       .       |  host |         .         |
[   20.708525] cloud-init[972]: ci-info: +--------+-------+----------------------------+---------------+-------+-------------------+
[   20.708563] cloud-init[972]: ci-info: +++++++++++++++++++++++++++Route IPv4 info++++++++++++++++++++++++++++
[   20.708602] cloud-init[972]: ci-info: +-------+-------------+----------+---------------+-----------+-------+
[   20.708638] cloud-init[972]: ci-info: | Route | Destination | Gateway  |    Genmask    | Interface | Flags |
[   20.708681] cloud-init[972]: ci-info: +-------+-------------+----------+---------------+-----------+-------+
[   20.708718] cloud-init[972]: ci-info: |   0   |   0.0.0.0   | 10.0.2.2 |    0.0.0.0    |   enp0s3  |   UG  |
[   20.708754] cloud-init[972]: ci-info: |   1   |   10.0.2.0  | 0.0.0.0  | 255.255.255.0 |   enp0s3  |   U   |
[   20.708791] cloud-init[972]: ci-info: +-------+-------------+----------+---------------+-----------+-------+
[   20.708870] cloud-init[972]: Generating public/private rsa key pair.
[   20.708911] cloud-init[972]: Your identification has been saved in /etc/ssh/ssh_host_rsa_key.
[   20.708951] cloud-init[972]: Your public key has been saved in /etc/ssh/ssh_host_rsa_key.pub.
[   20.708993] cloud-init[972]: The key fingerprint is:
[   20.709030] cloud-init[972]: SHA256:95G5Na7jgWa9g8kCRvWbi8HJghW1aEWH7H1cNfU8FM4 root@ubuntu-xenial
[   20.709068] cloud-init[972]: The key's randomart image is:
[   20.709103] cloud-init[972]: +---[RSA 2048]----+
[   20.709138] cloud-init[972]: |       ++..    ==|
[   20.709175] cloud-init[972]: |      .o+o    =.o|
[   20.709210] cloud-init[972]: |      o+.o . . Eo|
[   20.709247] cloud-init[972]: |     .o . o oo  .|
[   20.709282] cloud-init[972]: |     + oS..++ o  |
[   20.709317] cloud-init[972]: |    . + =.o+ = . |
[   20.709356] cloud-init[972]: |     . o +++= .  |
[   20.709391] cloud-init[972]: |        oo= o+   |
[   20.709425] cloud-init[972]: |         . .+o   |
[   20.709461] cloud-init[972]: +----[SHA256]-----+
[   20.709495] cloud-init[972]: Generating public/private dsa key pair.
[   20.709531] cloud-init[972]: Your identification has been saved in /etc/ssh/ssh_host_dsa_key.
[   20.709566] cloud-init[972]: Your public key has been saved in /etc/ssh/ssh_host_dsa_key.pub.
[   20.709601] cloud-init[972]: The key fingerprint is:
[   20.709640] cloud-init[972]: SHA256:1ao+MNt+314T7BA0iOiVQriQb2qUPHe2rBQkSeAz2pw root@ubuntu-xenial
[   20.709677] cloud-init[972]: The key's randomart image is:
[   20.709711] cloud-init[972]: +---[DSA 1024]----+
[   20.709746] cloud-init[972]: | .o.o o.. o .o   |
[   20.709780] cloud-init[972]: |.  = o o + o. .  |
[   20.709815] cloud-init[972]: | +. * o o . ..   |
[   20.709850] cloud-init[972]: |.oo* * + . .  o  |
[   20.709965] cloud-init[972]: |. E = = S .  . o |
[   20.710003] cloud-init[972]: |   o .oo .    o .|
[   20.710326] cloud-init[972]: |  . . .=.      o.|
[   20.710377] cloud-init[972]: |     ...o .  . ..|
[   20.710414] cloud-init[972]: |       .oo ...o  |
[   20.710446] cloud-init[972]: +----[SHA256]-----+
[   20.710477] cloud-init[972]: Generating public/private ecdsa key pair.
[   20.710509] cloud-init[972]: Your identification has been saved in /etc/ssh/ssh_host_ecdsa_key.
[   20.710543] cloud-init[972]: Your public key has been saved in /etc/ssh/ssh_host_ecdsa_key.pub.
[   20.710577] cloud-init[972]: The key fingerprint is:
[   20.710608] cloud-init[972]: SHA256:A/GrDKIuQUiW8yjkNbtaE7J4qRoxvkoBaYigF+n/qUQ root@ubuntu-xenial
[   20.710642] cloud-init[972]: The key's randomart image is:
[   20.710674] cloud-init[972]: +---[ECDSA 256]---+
[   20.710707] cloud-init[972]: |. o.  .          |
[   20.710740] cloud-init[972]: |=B.+   o         |
[   20.710776] cloud-init[972]: |%o* o . .        |
[   20.710813] cloud-init[972]: |=*.+   . .       |
[   22.459144] cloud-init[972]: |*.+oE   S        |
[   22.459210] cloud-init[972]: |+=+*.o . .       |
[   22.459253] cloud-init[972]: |o*o o.o.         |
[   22.459291] cloud-init[972]: |=o..  o          |
[   22.459329] cloud-init[972]: |*o  ..           |
[   22.459367] cloud-init[972]: +----[SHA256]-----+
[   22.459403] cloud-init[972]: Generating public/private ed25519 key pair.
[   22.459440] cloud-init[972]: Your identification has been saved in /etc/ssh/ssh_host_ed25519_key.
[   22.459478] cloud-init[972]: Your public key has been saved in /etc/ssh/ssh_host_ed25519_key.pub.
[   22.459517] cloud-init[972]: The key fingerprint is:
[   22.459554] cloud-init[972]: SHA256:P37oqV4/MFHBrvvFAG0krqk0bDQPzV1ldSN0QP7xwr4 root@ubuntu-xenial
[   22.459601] cloud-init[972]: The key's randomart image is:
[   22.459639] cloud-init[972]: +--[ED25519 256]--+
[   22.459676] cloud-init[972]: |          ..*B++o|
[   22.459710] cloud-init[972]: |       o o =+.o o|
[   22.459745] cloud-init[972]: |      + o +oo. . |
[   22.459781] cloud-init[972]: |     o + o.o... o|
[   22.459817] cloud-init[972]: |      = S  o. o..|
[   22.459852] cloud-init[972]: |     o o .+  + . |
[   22.459887] cloud-init[972]: |      .   +=  +  |
[   22.459923] cloud-init[972]: |         oo+o. . |
[   22.460168] cloud-init[972]: |       .oo+oo.E  |
[   22.460211] cloud-init[972]: +----[SHA256]-----+

[[0;32m  OK  [0m] Reached target System Initialization.
         Starting LXD - unix socket.
[[0;32m  OK  [0m] Started ACPI Events Check.
[[0;32m  OK  [0m] Reached target Paths.
[[0;32m  OK  [0m] Listening on D-Bus System Message Bus Socket.
[[0;32m  OK  [0m] Listening on UUID daemon activation socket.
[[0;32m  OK  [0m] Started Timer to automatically refresh installed snaps.
[[0;32m  OK  [0m] Started Daily Cleanup of Temporary Directories.
[[0;32m  OK  [0m] Started Daily apt download activities.
[[0;32m  OK  [0m] Started Daily apt upgrade and clean activities.
[[0;32m  OK  [0m] Reached target Timers.
[[0;32m  OK  [0m] Listening on ACPID Listen Socket.
         Starting Socket activation for snappy daemon.
[[0;32m  OK  [0m] Listening on LXD - unix socket.
[[0;32m  OK  [0m] Listening on Socket activation for snappy daemon.
[[0;32m  OK  [0m] Started iSCSI initiator daemon (iscsid).
         Starting Login to default iSCSI targets...
[[0;32m  OK  [0m] Reached target Sockets.
[[0;32m  OK  [0m] Reached target Basic System.
[[0;32m  OK  [0m] Started Regular background program processing daemon.
         Starting LSB: Record successful boot for GRUB...
         Starting Pollinate to seed the pseudo random number generator...
[[0;32m  OK  [0m] Started FUSE filesystem for LXC.
         Starting LSB: MD monitoring daemon...
         Starting /etc/rc.local Compatibility...
         Starting Login Service...
[[0;32m  OK  [0m] Started Deferred execution scheduler.
         Starting Apply the settings specified in cloud-config...
[[0;32m  OK  [0m] Started Unattended Upgrades Shutdown.
[[0;32m  OK  [0m] Started D-Bus System Message Bus.
[[0;32m  OK  [0m] Started ACPI event daemon.
         Starting LXD - container startup/shutdown...
         Starting Accounts Service...
[[0;32m  OK  [0m] Started Snappy daemon.
         Starting Auto import assertions from block devices...
         Starting System Logging Service...
[[0;32m  OK  [0m] Started System Logging Service.
[[0;32m  OK  [0m] Started Pollinate to seed the pseudo random number generator.
[[0;32m  OK  [0m] Started /etc/rc.local Compatibility.
[[0;32m  OK  [0m] Started LXD - container startup/shutdown.
[[0;32m  OK  [0m] Started Auto import assertions from block devices.
[[0;32m  OK  [0m] Started Login to default iSCSI targets.
[[0;32m  OK  [0m] Started LSB: Record successful boot for GRUB.
[[0;32m  OK  [0m] Started LSB: MD monitoring daemon.
[[0;32m  OK  [0m] Started Login Service.
         Starting Authenticate and Authorize Users to Run Privileged Tasks...
[[0;32m  OK  [0m] Reached target Remote File Systems (Pre).
[[0;32m  OK  [0m] Reached target Remote File Systems.
         Starting LSB: VirtualBox Linux Additions...
         Starting LSB: Set the CPU Frequency Scaling governor to "ondemand"...
         Starting Permit User Sessions...
         Starting LSB: daemon to balance interrupts for SMP systems...
         Starting LSB: automatic crash report generation...
         Starting OpenBSD Secure Shell server...
[[0;32m  OK  [0m] Started Permit User Sessions.
[[0;32m  OK  [0m] Started OpenBSD Secure Shell server.
[[0;32m  OK  [0m] Started Authenticate and Authorize Users to Run Privileged Tasks.
[[0;32m  OK  [0m] Started Accounts Service.
[[0;32m  OK  [0m] Started LSB: Set the CPU Frequency Scaling governor to "ondemand".
         Starting Terminate Plymouth Boot Screen...
         Starting Hold until boot process finishes up...
[[0;32m  OK  [0m] Started LSB: daemon to balance interrupts for SMP systems.
[[0;32m  OK  [0m] Started LSB: VirtualBox Linux Additions.
[[0;32m  OK  [0m] Started LSB: automatic crash report generation.
[[0;32m  OK  [0m] Started Terminate Plymouth Boot Screen.
[[0;32m  OK  [0m] Started Hold until boot process finishes up.
[   25.502160] cloud-init[1143]: Generating locales (this might take a while)...
         Starting Set console scheme...
[[0;32m  OK  [0m] Started Serial Getty on ttyS0.
[[0;32m  OK  [0m] Started Getty on tty1.
[[0;32m  OK  [0m] Reached target Login Prompts.
[[0;32m  OK  [0m] Reached target Multi-User System.
[[0;32m  OK  [0m] Reached target Graphical Interface.
         Starting Update UTMP about System Runlevel Changes...
[[0;32m  OK  [0m] Started Set console scheme.
[[0;32m  OK  [0m] Started Update UTMP about System Runlevel Changes.
[   26.975834] cloud-init[1143]:   en_US.UTF-8... done
[   27.005959] cloud-init[1143]: Generation complete.
         Stopping OpenBSD Secure Shell server...
[[0;32m  OK  [0m] Stopped OpenBSD Secure Shell server.
         Starting OpenBSD Secure Shell server...
[[0;32m  OK  [0m] Started OpenBSD Secure Shell server.
[[0;32m  OK  [0m] Created slice User Slice of ubuntu.
         Starting User Manager for UID 1000...
[[0;32m  OK  [0m] Started User Manager for UID 1000.
[[0;32m  OK  [0m] Started Session 1 of user ubuntu.
[   27.525413] cloud-init[1143]: Cloud-init v. 0.7.9 running 'modules:config' at Wed, 09 Aug 2017 12:39:21 +0000. Up 25.20 seconds.
[[0;32m  OK  [0m] Started Apply the settings specified in cloud-config.
         Starting Execute cloud user/final scripts...
ci-info: no authorized ssh keys fingerprints found for user ubuntu.
<14>Aug  9 12:39:24 ec2: 
<14>Aug  9 12:39:24 ec2: #############################################################
<14>Aug  9 12:39:24 ec2: -----BEGIN SSH HOST KEY FINGERPRINTS-----
<14>Aug  9 12:39:24 ec2: 1024 SHA256:1ao+MNt+314T7BA0iOiVQriQb2qUPHe2rBQkSeAz2pw root@ubuntu-xenial (DSA)
<14>Aug  9 12:39:24 ec2: 256 SHA256:A/GrDKIuQUiW8yjkNbtaE7J4qRoxvkoBaYigF+n/qUQ root@ubuntu-xenial (ECDSA)
<14>Aug  9 12:39:24 ec2: 256 SHA256:P37oqV4/MFHBrvvFAG0krqk0bDQPzV1ldSN0QP7xwr4 root@ubuntu-xenial (ED25519)
<14>Aug  9 12:39:24 ec2: 2048 SHA256:95G5Na7jgWa9g8kCRvWbi8HJghW1aEWH7H1cNfU8FM4 root@ubuntu-xenial (RSA)
<14>Aug  9 12:39:24 ec2: -----END SSH HOST KEY FINGERPRINTS-----
<14>Aug  9 12:39:24 ec2: #############################################################
-----BEGIN SSH HOST KEY KEYS-----
ecdsa-sha2-nistp256 AAAAE2VjZHNhLXNoYTItbmlzdHAyNTYAAAAIbmlzdHAyNTYAAABBBAKNMvLhKkirc0zmmkAG3HEKFdiJLJY4roZqXBosufMF0CaP7EN4oIBtSjaZr6Dp7mI3gx/VCPuJ4UEp6xZ/jFs= root@ubuntu-xenial
ssh-ed25519 AAAAC3NzaC1lZDI1NTE5AAAAIA1C7V1WofWhHwe+ro0TA4EU/lPsuhqItZRcJ569aIko root@ubuntu-xenial
ssh-rsa AAAAB3NzaC1yc2EAAAADAQABAAABAQDxHIeUvmRQqfnCdOhybHjVHA75bcWnPPTTGDFzAFmG33EUiDwnBM2syx/VE6yfmLkHnp//fs2Is5wSMRB+OomoUrUrKGbj2mmNqeYYfgTdT5nkfpnHEg+t6uiATEA0PtiPIVTg4fMFlHluRW/jogxiYMJ2s3wljFCg7f00F+huUNE5hT7/QHEXxbrDjjYOE+Df04/Vakekaiy5LHFQdGkcSTM/qJOXza5v8dYk2qksSeKC26CxJsl4Uzsnx/CCzzKGUFb3RNH5hvvjqmUShxNXBGE1AvY9MPY8bV1jAWsSRwg1xZGYN9chi8FDbPRrfic0EFIkPnPEavhvQ4V6C42t root@ubuntu-xenial
-----END SSH HOST KEY KEYS-----
[   28.588590] cloud-init[1442]: Cloud-init v. 0.7.9 running 'modules:final' at Wed, 09 Aug 2017 12:39:24 +0000. Up 28.11 seconds.
[   28.600285] cloud-init[1442]: ci-info: no authorized ssh keys fingerprints found for user ubuntu.
[   28.607101] cloud-init[1442]: Cloud-init v. 0.7.9 finished at Wed, 09 Aug 2017 12:39:24 +0000. Datasource DataSourceNoCloud [seed=/dev/sdb][dsmode=net].  Up 28.57 seconds
[[0;32m  OK  [0m] Started Execute cloud user/final scripts.
[[0;32m  OK  [0m] Reached target Cloud-init target.

Ubuntu 16.04.3 LTS ubuntu-xenial ttyS0

ubuntu-xenial login: 